rm -rf build bin
make CFLAGS='-std=c11 -D_POSIX_C_SOURCE=200809L -Wall -Wextra -Werror -Iinclude' LDFLAGS='' all build/test_api
make[1]: 进入目录“/home/workspace_data/works/myprojects/wise_combine_test.omx”
cc -std=c11 -D_POSIX_C_SOURCE=200809L -Wall -Wextra -Werror -Iinclude -g -c src/wct.c -o build/wct.o
cc -std=c11 -D_POSIX_C_SOURCE=200809L -Wall -Wextra -Werror -Iinclude -g -c tools/wct_cli.c -o build/wct_cli.o
cc -std=c11 -D_POSIX_C_SOURCE=200809L -Wall -Wextra -Werror -Iinclude build/wct.o build/wct_cli.o  -o bin/wise-combine-test
cc -std=c11 -D_POSIX_C_SOURCE=200809L -Wall -Wextra -Werror -Iinclude -g tests/test_api.c src/wct.c -o build/test_api 
make[1]: 离开目录“/home/workspace_data/works/myprojects/wise_combine_test.omx”
==2803221== Memcheck, a memory error detector
==2803221== Copyright (C) 2002-2017, and GNU GPL'd, by Julian Seward et al.
==2803221== Using Valgrind-3.15.0 and LibVEX; rerun with -h for copyright info
==2803221== Command: ./build/test_api
==2803221== 
==2803242== 
==2803242== HEAP SUMMARY:
==2803242==     in use at exit: 197 bytes in 18 blocks
==2803242==   total heap usage: 122 allocs, 104 frees, 1,478 bytes allocated
==2803242== 
==2803242== LEAK SUMMARY:
==2803242==    definitely lost: 0 bytes in 0 blocks
==2803242==    indirectly lost: 0 bytes in 0 blocks
==2803242==      possibly lost: 0 bytes in 0 blocks
==2803242==    still reachable: 197 bytes in 18 blocks
==2803242==         suppressed: 0 bytes in 0 blocks
==2803242== Reachable blocks (those to which a pointer was found) are not shown.
==2803242== To see them, rerun with: --leak-check=full --show-leak-kinds=all
==2803242== 
==2803242== For lists of detected and suppressed errors, rerun with: -s
==2803242== ERROR SUMMARY: 0 errors from 0 contexts (suppressed: 0 from 0)
==2803243== 
==2803243== HEAP SUMMARY:
==2803243==     in use at exit: 197 bytes in 18 blocks
==2803243==   total heap usage: 143 allocs, 125 frees, 1,713 bytes allocated
==2803243== 
==2803243== LEAK SUMMARY:
==2803243==    definitely lost: 0 bytes in 0 blocks
==2803243==    indirectly lost: 0 bytes in 0 blocks
==2803243==      possibly lost: 0 bytes in 0 blocks
==2803243==    still reachable: 197 bytes in 18 blocks
==2803243==         suppressed: 0 bytes in 0 blocks
==2803243== Reachable blocks (those to which a pointer was found) are not shown.
==2803243== To see them, rerun with: --leak-check=full --show-leak-kinds=all
==2803243== 
==2803243== For lists of detected and suppressed errors, rerun with: -s
==2803243== ERROR SUMMARY: 0 errors from 0 contexts (suppressed: 0 from 0)
==2803244== 
==2803244== HEAP SUMMARY:
==2803244==     in use at exit: 197 bytes in 18 blocks
==2803244==   total heap usage: 165 allocs, 147 frees, 1,958 bytes allocated
==2803244== 
==2803244== LEAK SUMMARY:
==2803244==    definitely lost: 0 bytes in 0 blocks
==2803244==    indirectly lost: 0 bytes in 0 blocks
==2803244==      possibly lost: 0 bytes in 0 blocks
==2803244==    still reachable: 197 bytes in 18 blocks
==2803244==         suppressed: 0 bytes in 0 blocks
==2803244== Reachable blocks (those to which a pointer was found) are not shown.
==2803244== To see them, rerun with: --leak-check=full --show-leak-kinds=all
==2803244== 
==2803244== For lists of detected and suppressed errors, rerun with: -s
==2803244== ERROR SUMMARY: 0 errors from 0 contexts (suppressed: 0 from 0)
API contract tests: PASS
==2803221== 
==2803221== HEAP SUMMARY:
==2803221==     in use at exit: 0 bytes in 0 blocks
==2803221==   total heap usage: 730 allocs, 730 frees, 64,506 bytes allocated
==2803221== 
==2803221== All heap blocks were freed -- no leaks are possible
==2803221== 
==2803221== For lists of detected and suppressed errors, rerun with: -s
==2803221== ERROR SUMMARY: 0 errors from 0 contexts (suppressed: 0 from 0)
==2803246== Memcheck, a memory error detector
==2803246== Copyright (C) 2002-2017, and GNU GPL'd, by Julian Seward et al.
==2803246== Using Valgrind-3.15.0 and LibVEX; rerun with -h for copyright info
==2803246== Command: bin/wise-combine-test --model fixtures/smoke.model --mode state
==2803246== 
==2803248== 
==2803248== HEAP SUMMARY:
==2803248==     in use at exit: 210 bytes in 16 blocks
==2803248==   total heap usage: 24 allocs, 8 frees, 4,843 bytes allocated
==2803248== 
==2803248== LEAK SUMMARY:
==2803248==    definitely lost: 0 bytes in 0 blocks
==2803248==    indirectly lost: 0 bytes in 0 blocks
==2803248==      possibly lost: 0 bytes in 0 blocks
==2803248==    still reachable: 210 bytes in 16 blocks
==2803248==         suppressed: 0 bytes in 0 blocks
==2803248== Reachable blocks (those to which a pointer was found) are not shown.
==2803248== To see them, rerun with: --leak-check=full --show-leak-kinds=all
==2803248== 
==2803248== For lists of detected and suppressed errors, rerun with: -s
==2803248== ERROR SUMMARY: 0 errors from 0 contexts (suppressed: 0 from 0)
steps=1 covered=1 failures=0 uncovered=0 edges=1/1 uncovered_edges=0 seed=0 process_exit=0 process_signal=0 timed_out=0
==2803246== 
==2803246== HEAP SUMMARY:
==2803246==     in use at exit: 0 bytes in 0 blocks
==2803246==   total heap usage: 20 allocs, 20 frees, 8,882 bytes allocated
==2803246== 
==2803246== All heap blocks were freed -- no leaks are possible
==2803246== 
==2803246== For lists of detected and suppressed errors, rerun with: -s
==2803246== ERROR SUMMARY: 0 errors from 0 contexts (suppressed: 0 from 0)
==2803249== Memcheck, a memory error detector
==2803249== Copyright (C) 2002-2017, and GNU GPL'd, by Julian Seward et al.
==2803249== Using Valgrind-3.15.0 and LibVEX; rerun with -h for copyright info
==2803249== Command: bin/wise-combine-test --model fixtures/relation.model --mode relation --isolate --timeout-ms 100
==2803249== 
call first alpha
call second result
==2803270== 
==2803270== HEAP SUMMARY:
==2803270==     in use at exit: 255 bytes in 15 blocks
==2803270==   total heap usage: 28 allocs, 13 frees, 9,057 bytes allocated
==2803270== 
==2803270== LEAK SUMMARY:
==2803270==    definitely lost: 0 bytes in 0 blocks
==2803270==    indirectly lost: 0 bytes in 0 blocks
==2803270==      possibly lost: 0 bytes in 0 blocks
==2803270==    still reachable: 255 bytes in 15 blocks
==2803270==         suppressed: 0 bytes in 0 blocks
==2803270== Reachable blocks (those to which a pointer was found) are not shown.
==2803270== To see them, rerun with: --leak-check=full --show-leak-kinds=all
==2803270== 
==2803270== For lists of detected and suppressed errors, rerun with: -s
==2803270== ERROR SUMMARY: 0 errors from 0 contexts (suppressed: 0 from 0)
steps=2 covered=2 failures=0 uncovered=0 edges=1/1 uncovered_edges=0 seed=0 process_exit=0 process_signal=0 timed_out=0
==2803249== 
==2803249== HEAP SUMMARY:
==2803249==     in use at exit: 0 bytes in 0 blocks
==2803249==   total heap usage: 19 allocs, 19 frees, 8,991 bytes allocated
==2803249== 
==2803249== All heap blocks were freed -- no leaks are possible
==2803249== 
==2803249== For lists of detected and suppressed errors, rerun with: -s
==2803249== ERROR SUMMARY: 0 errors from 0 contexts (suppressed: 0 from 0)
