rm -rf build bin
make CFLAGS='-std=c11 -D_POSIX_C_SOURCE=200809L -Wall -Wextra -Werror -Iinclude' LDFLAGS='' all build/test_api
make[1]: 进入目录“/home/workspace_data/works/myprojects/wise_combine_test.omx”
cc -std=c11 -D_POSIX_C_SOURCE=200809L -Wall -Wextra -Werror -Iinclude -g -c src/wct.c -o build/wct.o
cc -std=c11 -D_POSIX_C_SOURCE=200809L -Wall -Wextra -Werror -Iinclude -g -c tools/wct_cli.c -o build/wct_cli.o
cc -std=c11 -D_POSIX_C_SOURCE=200809L -Wall -Wextra -Werror -Iinclude build/wct.o build/wct_cli.o  -o bin/wise-combine-test
cc -std=c11 -D_POSIX_C_SOURCE=200809L -Wall -Wextra -Werror -Iinclude -g tests/test_api.c src/wct.c -o build/test_api 
make[1]: 离开目录“/home/workspace_data/works/myprojects/wise_combine_test.omx”
==2678186== Memcheck, a memory error detector
==2678186== Copyright (C) 2002-2017, and GNU GPL'd, by Julian Seward et al.
==2678186== Using Valgrind-3.15.0 and LibVEX; rerun with -h for copyright info
==2678186== Command: ./build/test_api
==2678186== 
==2678203== 
==2678203== HEAP SUMMARY:
==2678203==     in use at exit: 197 bytes in 18 blocks
==2678203==   total heap usage: 122 allocs, 104 frees, 1,478 bytes allocated
==2678203== 
==2678203== LEAK SUMMARY:
==2678203==    definitely lost: 0 bytes in 0 blocks
==2678203==    indirectly lost: 0 bytes in 0 blocks
==2678203==      possibly lost: 0 bytes in 0 blocks
==2678203==    still reachable: 197 bytes in 18 blocks
==2678203==         suppressed: 0 bytes in 0 blocks
==2678203== Reachable blocks (those to which a pointer was found) are not shown.
==2678203== To see them, rerun with: --leak-check=full --show-leak-kinds=all
==2678203== 
==2678203== For lists of detected and suppressed errors, rerun with: -s
==2678203== ERROR SUMMARY: 0 errors from 0 contexts (suppressed: 0 from 0)
==2678204== 
==2678204== HEAP SUMMARY:
==2678204==     in use at exit: 197 bytes in 18 blocks
==2678204==   total heap usage: 143 allocs, 125 frees, 1,713 bytes allocated
==2678204== 
==2678204== LEAK SUMMARY:
==2678204==    definitely lost: 0 bytes in 0 blocks
==2678204==    indirectly lost: 0 bytes in 0 blocks
==2678204==      possibly lost: 0 bytes in 0 blocks
==2678204==    still reachable: 197 bytes in 18 blocks
==2678204==         suppressed: 0 bytes in 0 blocks
==2678204== Reachable blocks (those to which a pointer was found) are not shown.
==2678204== To see them, rerun with: --leak-check=full --show-leak-kinds=all
==2678204== 
==2678204== For lists of detected and suppressed errors, rerun with: -s
==2678204== ERROR SUMMARY: 0 errors from 0 contexts (suppressed: 0 from 0)
==2678207== 
==2678207== HEAP SUMMARY:
==2678207==     in use at exit: 197 bytes in 18 blocks
==2678207==   total heap usage: 165 allocs, 147 frees, 1,958 bytes allocated
==2678207== 
==2678207== LEAK SUMMARY:
==2678207==    definitely lost: 0 bytes in 0 blocks
==2678207==    indirectly lost: 0 bytes in 0 blocks
==2678207==      possibly lost: 0 bytes in 0 blocks
==2678207==    still reachable: 197 bytes in 18 blocks
==2678207==         suppressed: 0 bytes in 0 blocks
==2678207== Reachable blocks (those to which a pointer was found) are not shown.
==2678207== To see them, rerun with: --leak-check=full --show-leak-kinds=all
==2678207== 
==2678207== For lists of detected and suppressed errors, rerun with: -s
==2678207== ERROR SUMMARY: 0 errors from 0 contexts (suppressed: 0 from 0)
API contract tests: PASS
==2678186== 
==2678186== HEAP SUMMARY:
==2678186==     in use at exit: 0 bytes in 0 blocks
==2678186==   total heap usage: 730 allocs, 730 frees, 64,506 bytes allocated
==2678186== 
==2678186== All heap blocks were freed -- no leaks are possible
==2678186== 
==2678186== For lists of detected and suppressed errors, rerun with: -s
==2678186== ERROR SUMMARY: 0 errors from 0 contexts (suppressed: 0 from 0)
==2678219== Memcheck, a memory error detector
==2678219== Copyright (C) 2002-2017, and GNU GPL'd, by Julian Seward et al.
==2678219== Using Valgrind-3.15.0 and LibVEX; rerun with -h for copyright info
==2678219== Command: bin/wise-combine-test --model fixtures/smoke.model --mode state
==2678219== 
==2678236== 
==2678236== HEAP SUMMARY:
==2678236==     in use at exit: 210 bytes in 16 blocks
==2678236==   total heap usage: 24 allocs, 8 frees, 4,843 bytes allocated
==2678236== 
==2678236== LEAK SUMMARY:
==2678236==    definitely lost: 0 bytes in 0 blocks
==2678236==    indirectly lost: 0 bytes in 0 blocks
==2678236==      possibly lost: 0 bytes in 0 blocks
==2678236==    still reachable: 210 bytes in 16 blocks
==2678236==         suppressed: 0 bytes in 0 blocks
==2678236== Reachable blocks (those to which a pointer was found) are not shown.
==2678236== To see them, rerun with: --leak-check=full --show-leak-kinds=all
==2678236== 
==2678236== For lists of detected and suppressed errors, rerun with: -s
==2678236== ERROR SUMMARY: 0 errors from 0 contexts (suppressed: 0 from 0)
steps=1 covered=1 failures=0 uncovered=0 edges=1/1 uncovered_edges=0 seed=0 process_exit=0 process_signal=0 timed_out=0
==2678219== 
==2678219== HEAP SUMMARY:
==2678219==     in use at exit: 0 bytes in 0 blocks
==2678219==   total heap usage: 20 allocs, 20 frees, 8,882 bytes allocated
==2678219== 
==2678219== All heap blocks were freed -- no leaks are possible
==2678219== 
==2678219== For lists of detected and suppressed errors, rerun with: -s
==2678219== ERROR SUMMARY: 0 errors from 0 contexts (suppressed: 0 from 0)
==2678248== Memcheck, a memory error detector
==2678248== Copyright (C) 2002-2017, and GNU GPL'd, by Julian Seward et al.
==2678248== Using Valgrind-3.15.0 and LibVEX; rerun with -h for copyright info
==2678248== Command: bin/wise-combine-test --model fixtures/relation.model --mode relation --isolate --timeout-ms 100
==2678248== 
call first alpha
call second result
==2678249== 
==2678249== HEAP SUMMARY:
==2678249==     in use at exit: 255 bytes in 15 blocks
==2678249==   total heap usage: 28 allocs, 13 frees, 9,057 bytes allocated
==2678249== 
==2678249== LEAK SUMMARY:
==2678249==    definitely lost: 0 bytes in 0 blocks
==2678249==    indirectly lost: 0 bytes in 0 blocks
==2678249==      possibly lost: 0 bytes in 0 blocks
==2678249==    still reachable: 255 bytes in 15 blocks
==2678249==         suppressed: 0 bytes in 0 blocks
==2678249== Reachable blocks (those to which a pointer was found) are not shown.
==2678249== To see them, rerun with: --leak-check=full --show-leak-kinds=all
==2678249== 
==2678249== For lists of detected and suppressed errors, rerun with: -s
==2678249== ERROR SUMMARY: 0 errors from 0 contexts (suppressed: 0 from 0)
steps=2 covered=2 failures=0 uncovered=0 edges=1/1 uncovered_edges=0 seed=0 process_exit=0 process_signal=0 timed_out=0
==2678248== 
==2678248== HEAP SUMMARY:
==2678248==     in use at exit: 0 bytes in 0 blocks
==2678248==   total heap usage: 19 allocs, 19 frees, 8,991 bytes allocated
==2678248== 
==2678248== All heap blocks were freed -- no leaks are possible
==2678248== 
==2678248== For lists of detected and suppressed errors, rerun with: -s
==2678248== ERROR SUMMARY: 0 errors from 0 contexts (suppressed: 0 from 0)
