rm -rf build bin
make CFLAGS='-std=c11 -D_POSIX_C_SOURCE=200809L -Wall -Wextra -Werror -Iinclude' LDFLAGS='' all build/test_api
make[1]: 进入目录“/home/workspace_data/works/myprojects/wise_combine_test.omx”
cc -std=c11 -D_POSIX_C_SOURCE=200809L -Wall -Wextra -Werror -Iinclude -g -c src/wct.c -o build/wct.o
cc -std=c11 -D_POSIX_C_SOURCE=200809L -Wall -Wextra -Werror -Iinclude -g -c tools/wct_cli.c -o build/wct_cli.o
cc -std=c11 -D_POSIX_C_SOURCE=200809L -Wall -Wextra -Werror -Iinclude build/wct.o build/wct_cli.o  -o bin/wise-combine-test
cc -std=c11 -D_POSIX_C_SOURCE=200809L -Wall -Wextra -Werror -Iinclude -g tests/test_api.c src/wct.c -o build/test_api 
make[1]: 离开目录“/home/workspace_data/works/myprojects/wise_combine_test.omx”
==2749508== Memcheck, a memory error detector
==2749508== Copyright (C) 2002-2017, and GNU GPL'd, by Julian Seward et al.
==2749508== Using Valgrind-3.15.0 and LibVEX; rerun with -h for copyright info
==2749508== Command: ./build/test_api
==2749508== 
==2749510== 
==2749510== HEAP SUMMARY:
==2749510==     in use at exit: 197 bytes in 18 blocks
==2749510==   total heap usage: 122 allocs, 104 frees, 1,478 bytes allocated
==2749510== 
==2749510== LEAK SUMMARY:
==2749510==    definitely lost: 0 bytes in 0 blocks
==2749510==    indirectly lost: 0 bytes in 0 blocks
==2749510==      possibly lost: 0 bytes in 0 blocks
==2749510==    still reachable: 197 bytes in 18 blocks
==2749510==         suppressed: 0 bytes in 0 blocks
==2749510== Reachable blocks (those to which a pointer was found) are not shown.
==2749510== To see them, rerun with: --leak-check=full --show-leak-kinds=all
==2749510== 
==2749510== For lists of detected and suppressed errors, rerun with: -s
==2749510== ERROR SUMMARY: 0 errors from 0 contexts (suppressed: 0 from 0)
==2749511== 
==2749511== HEAP SUMMARY:
==2749511==     in use at exit: 197 bytes in 18 blocks
==2749511==   total heap usage: 143 allocs, 125 frees, 1,713 bytes allocated
==2749511== 
==2749511== LEAK SUMMARY:
==2749511==    definitely lost: 0 bytes in 0 blocks
==2749511==    indirectly lost: 0 bytes in 0 blocks
==2749511==      possibly lost: 0 bytes in 0 blocks
==2749511==    still reachable: 197 bytes in 18 blocks
==2749511==         suppressed: 0 bytes in 0 blocks
==2749511== Reachable blocks (those to which a pointer was found) are not shown.
==2749511== To see them, rerun with: --leak-check=full --show-leak-kinds=all
==2749511== 
==2749511== For lists of detected and suppressed errors, rerun with: -s
==2749511== ERROR SUMMARY: 0 errors from 0 contexts (suppressed: 0 from 0)
==2749512== 
==2749512== HEAP SUMMARY:
==2749512==     in use at exit: 197 bytes in 18 blocks
==2749512==   total heap usage: 165 allocs, 147 frees, 1,958 bytes allocated
==2749512== 
==2749512== LEAK SUMMARY:
==2749512==    definitely lost: 0 bytes in 0 blocks
==2749512==    indirectly lost: 0 bytes in 0 blocks
==2749512==      possibly lost: 0 bytes in 0 blocks
==2749512==    still reachable: 197 bytes in 18 blocks
==2749512==         suppressed: 0 bytes in 0 blocks
==2749512== Reachable blocks (those to which a pointer was found) are not shown.
==2749512== To see them, rerun with: --leak-check=full --show-leak-kinds=all
==2749512== 
==2749512== For lists of detected and suppressed errors, rerun with: -s
==2749512== ERROR SUMMARY: 0 errors from 0 contexts (suppressed: 0 from 0)
API contract tests: PASS
==2749508== 
==2749508== HEAP SUMMARY:
==2749508==     in use at exit: 0 bytes in 0 blocks
==2749508==   total heap usage: 730 allocs, 730 frees, 64,506 bytes allocated
==2749508== 
==2749508== All heap blocks were freed -- no leaks are possible
==2749508== 
==2749508== For lists of detected and suppressed errors, rerun with: -s
==2749508== ERROR SUMMARY: 0 errors from 0 contexts (suppressed: 0 from 0)
==2749514== Memcheck, a memory error detector
==2749514== Copyright (C) 2002-2017, and GNU GPL'd, by Julian Seward et al.
==2749514== Using Valgrind-3.15.0 and LibVEX; rerun with -h for copyright info
==2749514== Command: bin/wise-combine-test --model fixtures/smoke.model --mode state
==2749514== 
==2749548== 
==2749548== HEAP SUMMARY:
==2749548==     in use at exit: 210 bytes in 16 blocks
==2749548==   total heap usage: 24 allocs, 8 frees, 4,843 bytes allocated
==2749548== 
==2749548== LEAK SUMMARY:
==2749548==    definitely lost: 0 bytes in 0 blocks
==2749548==    indirectly lost: 0 bytes in 0 blocks
==2749548==      possibly lost: 0 bytes in 0 blocks
==2749548==    still reachable: 210 bytes in 16 blocks
==2749548==         suppressed: 0 bytes in 0 blocks
==2749548== Reachable blocks (those to which a pointer was found) are not shown.
==2749548== To see them, rerun with: --leak-check=full --show-leak-kinds=all
==2749548== 
==2749548== For lists of detected and suppressed errors, rerun with: -s
==2749548== ERROR SUMMARY: 0 errors from 0 contexts (suppressed: 0 from 0)
steps=1 covered=1 failures=0 uncovered=0 edges=1/1 uncovered_edges=0 seed=0 process_exit=0 process_signal=0 timed_out=0
==2749514== 
==2749514== HEAP SUMMARY:
==2749514==     in use at exit: 0 bytes in 0 blocks
==2749514==   total heap usage: 20 allocs, 20 frees, 8,882 bytes allocated
==2749514== 
==2749514== All heap blocks were freed -- no leaks are possible
==2749514== 
==2749514== For lists of detected and suppressed errors, rerun with: -s
==2749514== ERROR SUMMARY: 0 errors from 0 contexts (suppressed: 0 from 0)
==2749557== Memcheck, a memory error detector
==2749557== Copyright (C) 2002-2017, and GNU GPL'd, by Julian Seward et al.
==2749557== Using Valgrind-3.15.0 and LibVEX; rerun with -h for copyright info
==2749557== Command: bin/wise-combine-test --model fixtures/relation.model --mode relation --isolate --timeout-ms 100
==2749557== 
call first alpha
call second result
==2749571== 
==2749571== HEAP SUMMARY:
==2749571==     in use at exit: 255 bytes in 15 blocks
==2749571==   total heap usage: 28 allocs, 13 frees, 9,057 bytes allocated
==2749571== 
==2749571== LEAK SUMMARY:
==2749571==    definitely lost: 0 bytes in 0 blocks
==2749571==    indirectly lost: 0 bytes in 0 blocks
==2749571==      possibly lost: 0 bytes in 0 blocks
==2749571==    still reachable: 255 bytes in 15 blocks
==2749571==         suppressed: 0 bytes in 0 blocks
==2749571== Reachable blocks (those to which a pointer was found) are not shown.
==2749571== To see them, rerun with: --leak-check=full --show-leak-kinds=all
==2749571== 
==2749571== For lists of detected and suppressed errors, rerun with: -s
==2749571== ERROR SUMMARY: 0 errors from 0 contexts (suppressed: 0 from 0)
steps=2 covered=2 failures=0 uncovered=0 edges=1/1 uncovered_edges=0 seed=0 process_exit=0 process_signal=0 timed_out=0
==2749557== 
==2749557== HEAP SUMMARY:
==2749557==     in use at exit: 0 bytes in 0 blocks
==2749557==   total heap usage: 19 allocs, 19 frees, 8,991 bytes allocated
==2749557== 
==2749557== All heap blocks were freed -- no leaks are possible
==2749557== 
==2749557== For lists of detected and suppressed errors, rerun with: -s
==2749557== ERROR SUMMARY: 0 errors from 0 contexts (suppressed: 0 from 0)
