rm -rf build bin
make CFLAGS='-std=c11 -D_POSIX_C_SOURCE=200809L -Wall -Wextra -Werror -Iinclude' LDFLAGS='' all build/test_api
make[1]: 进入目录“/home/workspace_data/works/myprojects/wise_combine_test.omx”
cc -std=c11 -D_POSIX_C_SOURCE=200809L -Wall -Wextra -Werror -Iinclude -g -c src/wct.c -o build/wct.o
cc -std=c11 -D_POSIX_C_SOURCE=200809L -Wall -Wextra -Werror -Iinclude -g -c tools/wct_cli.c -o build/wct_cli.o
cc -std=c11 -D_POSIX_C_SOURCE=200809L -Wall -Wextra -Werror -Iinclude build/wct.o build/wct_cli.o  -o bin/wise-combine-test
cc -std=c11 -D_POSIX_C_SOURCE=200809L -Wall -Wextra -Werror -Iinclude -g tests/test_api.c src/wct.c -o build/test_api 
make[1]: 离开目录“/home/workspace_data/works/myprojects/wise_combine_test.omx”
==2868236== Memcheck, a memory error detector
==2868236== Copyright (C) 2002-2017, and GNU GPL'd, by Julian Seward et al.
==2868236== Using Valgrind-3.15.0 and LibVEX; rerun with -h for copyright info
==2868236== Command: ./build/test_api
==2868236== 
==2868268== 
==2868268== HEAP SUMMARY:
==2868268==     in use at exit: 197 bytes in 18 blocks
==2868268==   total heap usage: 122 allocs, 104 frees, 1,478 bytes allocated
==2868268== 
==2868268== LEAK SUMMARY:
==2868268==    definitely lost: 0 bytes in 0 blocks
==2868268==    indirectly lost: 0 bytes in 0 blocks
==2868268==      possibly lost: 0 bytes in 0 blocks
==2868268==    still reachable: 197 bytes in 18 blocks
==2868268==         suppressed: 0 bytes in 0 blocks
==2868268== Reachable blocks (those to which a pointer was found) are not shown.
==2868268== To see them, rerun with: --leak-check=full --show-leak-kinds=all
==2868268== 
==2868268== For lists of detected and suppressed errors, rerun with: -s
==2868268== ERROR SUMMARY: 0 errors from 0 contexts (suppressed: 0 from 0)
==2868269== 
==2868269== HEAP SUMMARY:
==2868269==     in use at exit: 197 bytes in 18 blocks
==2868269==   total heap usage: 143 allocs, 125 frees, 1,713 bytes allocated
==2868269== 
==2868269== LEAK SUMMARY:
==2868269==    definitely lost: 0 bytes in 0 blocks
==2868269==    indirectly lost: 0 bytes in 0 blocks
==2868269==      possibly lost: 0 bytes in 0 blocks
==2868269==    still reachable: 197 bytes in 18 blocks
==2868269==         suppressed: 0 bytes in 0 blocks
==2868269== Reachable blocks (those to which a pointer was found) are not shown.
==2868269== To see them, rerun with: --leak-check=full --show-leak-kinds=all
==2868269== 
==2868269== For lists of detected and suppressed errors, rerun with: -s
==2868269== ERROR SUMMARY: 0 errors from 0 contexts (suppressed: 0 from 0)
==2868270== 
==2868270== HEAP SUMMARY:
==2868270==     in use at exit: 197 bytes in 18 blocks
==2868270==   total heap usage: 165 allocs, 147 frees, 1,958 bytes allocated
==2868270== 
==2868270== LEAK SUMMARY:
==2868270==    definitely lost: 0 bytes in 0 blocks
==2868270==    indirectly lost: 0 bytes in 0 blocks
==2868270==      possibly lost: 0 bytes in 0 blocks
==2868270==    still reachable: 197 bytes in 18 blocks
==2868270==         suppressed: 0 bytes in 0 blocks
==2868270== Reachable blocks (those to which a pointer was found) are not shown.
==2868270== To see them, rerun with: --leak-check=full --show-leak-kinds=all
==2868270== 
==2868270== For lists of detected and suppressed errors, rerun with: -s
==2868270== ERROR SUMMARY: 0 errors from 0 contexts (suppressed: 0 from 0)
API contract tests: PASS
==2868236== 
==2868236== HEAP SUMMARY:
==2868236==     in use at exit: 0 bytes in 0 blocks
==2868236==   total heap usage: 730 allocs, 730 frees, 64,506 bytes allocated
==2868236== 
==2868236== All heap blocks were freed -- no leaks are possible
==2868236== 
==2868236== For lists of detected and suppressed errors, rerun with: -s
==2868236== ERROR SUMMARY: 0 errors from 0 contexts (suppressed: 0 from 0)
==2868272== Memcheck, a memory error detector
==2868272== Copyright (C) 2002-2017, and GNU GPL'd, by Julian Seward et al.
==2868272== Using Valgrind-3.15.0 and LibVEX; rerun with -h for copyright info
==2868272== Command: bin/wise-combine-test --model fixtures/smoke.model --mode state
==2868272== 
==2868273== 
==2868273== HEAP SUMMARY:
==2868273==     in use at exit: 210 bytes in 16 blocks
==2868273==   total heap usage: 24 allocs, 8 frees, 4,843 bytes allocated
==2868273== 
==2868273== LEAK SUMMARY:
==2868273==    definitely lost: 0 bytes in 0 blocks
==2868273==    indirectly lost: 0 bytes in 0 blocks
==2868273==      possibly lost: 0 bytes in 0 blocks
==2868273==    still reachable: 210 bytes in 16 blocks
==2868273==         suppressed: 0 bytes in 0 blocks
==2868273== Reachable blocks (those to which a pointer was found) are not shown.
==2868273== To see them, rerun with: --leak-check=full --show-leak-kinds=all
==2868273== 
==2868273== For lists of detected and suppressed errors, rerun with: -s
==2868273== ERROR SUMMARY: 0 errors from 0 contexts (suppressed: 0 from 0)
steps=1 covered=1 failures=0 uncovered=0 edges=1/1 uncovered_edges=0 seed=0 process_exit=0 process_signal=0 timed_out=0
==2868272== 
==2868272== HEAP SUMMARY:
==2868272==     in use at exit: 0 bytes in 0 blocks
==2868272==   total heap usage: 20 allocs, 20 frees, 8,882 bytes allocated
==2868272== 
==2868272== All heap blocks were freed -- no leaks are possible
==2868272== 
==2868272== For lists of detected and suppressed errors, rerun with: -s
==2868272== ERROR SUMMARY: 0 errors from 0 contexts (suppressed: 0 from 0)
==2868274== Memcheck, a memory error detector
==2868274== Copyright (C) 2002-2017, and GNU GPL'd, by Julian Seward et al.
==2868274== Using Valgrind-3.15.0 and LibVEX; rerun with -h for copyright info
==2868274== Command: bin/wise-combine-test --model fixtures/relation.model --mode relation --isolate --timeout-ms 100
==2868274== 
call first alpha
call second result
==2868287== 
==2868287== HEAP SUMMARY:
==2868287==     in use at exit: 255 bytes in 15 blocks
==2868287==   total heap usage: 28 allocs, 13 frees, 9,057 bytes allocated
==2868287== 
==2868287== LEAK SUMMARY:
==2868287==    definitely lost: 0 bytes in 0 blocks
==2868287==    indirectly lost: 0 bytes in 0 blocks
==2868287==      possibly lost: 0 bytes in 0 blocks
==2868287==    still reachable: 255 bytes in 15 blocks
==2868287==         suppressed: 0 bytes in 0 blocks
==2868287== Reachable blocks (those to which a pointer was found) are not shown.
==2868287== To see them, rerun with: --leak-check=full --show-leak-kinds=all
==2868287== 
==2868287== For lists of detected and suppressed errors, rerun with: -s
==2868287== ERROR SUMMARY: 0 errors from 0 contexts (suppressed: 0 from 0)
steps=2 covered=2 failures=0 uncovered=0 edges=1/1 uncovered_edges=0 seed=0 process_exit=0 process_signal=0 timed_out=0
==2868274== 
==2868274== HEAP SUMMARY:
==2868274==     in use at exit: 0 bytes in 0 blocks
==2868274==   total heap usage: 19 allocs, 19 frees, 8,991 bytes allocated
==2868274== 
==2868274== All heap blocks were freed -- no leaks are possible
==2868274== 
==2868274== For lists of detected and suppressed errors, rerun with: -s
==2868274== ERROR SUMMARY: 0 errors from 0 contexts (suppressed: 0 from 0)
