rm -rf build bin
make CFLAGS='-std=c11 -D_POSIX_C_SOURCE=200809L -Wall -Wextra -Werror -Iinclude' LDFLAGS='' all build/test_api
make[1]: 进入目录“/home/workspace_data/works/myprojects/wise_combine_test.omx”
cc -std=c11 -D_POSIX_C_SOURCE=200809L -Wall -Wextra -Werror -Iinclude -g -c src/wct.c -o build/wct.o
cc -std=c11 -D_POSIX_C_SOURCE=200809L -Wall -Wextra -Werror -Iinclude -g -c tools/wct_cli.c -o build/wct_cli.o
cc -std=c11 -D_POSIX_C_SOURCE=200809L -Wall -Wextra -Werror -Iinclude build/wct.o build/wct_cli.o  -o bin/wise-combine-test
cc -std=c11 -D_POSIX_C_SOURCE=200809L -Wall -Wextra -Werror -Iinclude -g tests/test_api.c build/wct.o -o build/test_api 
make[1]: 离开目录“/home/workspace_data/works/myprojects/wise_combine_test.omx”
==3029699== Memcheck, a memory error detector
==3029699== Copyright (C) 2002-2017, and GNU GPL'd, by Julian Seward et al.
==3029699== Using Valgrind-3.15.0 and LibVEX; rerun with -h for copyright info
==3029699== Command: ./build/test_api
==3029699== 
==3029705== 
==3029705== HEAP SUMMARY:
==3029705==     in use at exit: 197 bytes in 18 blocks
==3029705==   total heap usage: 122 allocs, 104 frees, 1,478 bytes allocated
==3029705== 
==3029705== LEAK SUMMARY:
==3029705==    definitely lost: 0 bytes in 0 blocks
==3029705==    indirectly lost: 0 bytes in 0 blocks
==3029705==      possibly lost: 0 bytes in 0 blocks
==3029705==    still reachable: 197 bytes in 18 blocks
==3029705==         suppressed: 0 bytes in 0 blocks
==3029705== Reachable blocks (those to which a pointer was found) are not shown.
==3029705== To see them, rerun with: --leak-check=full --show-leak-kinds=all
==3029705== 
==3029705== For lists of detected and suppressed errors, rerun with: -s
==3029705== ERROR SUMMARY: 0 errors from 0 contexts (suppressed: 0 from 0)
==3029706== 
==3029706== HEAP SUMMARY:
==3029706==     in use at exit: 197 bytes in 18 blocks
==3029706==   total heap usage: 143 allocs, 125 frees, 1,713 bytes allocated
==3029706== 
==3029706== LEAK SUMMARY:
==3029706==    definitely lost: 0 bytes in 0 blocks
==3029706==    indirectly lost: 0 bytes in 0 blocks
==3029706==      possibly lost: 0 bytes in 0 blocks
==3029706==    still reachable: 197 bytes in 18 blocks
==3029706==         suppressed: 0 bytes in 0 blocks
==3029706== Reachable blocks (those to which a pointer was found) are not shown.
==3029706== To see them, rerun with: --leak-check=full --show-leak-kinds=all
==3029706== 
==3029706== For lists of detected and suppressed errors, rerun with: -s
==3029706== ERROR SUMMARY: 0 errors from 0 contexts (suppressed: 0 from 0)
==3029707== 
==3029707== HEAP SUMMARY:
==3029707==     in use at exit: 197 bytes in 18 blocks
==3029707==   total heap usage: 165 allocs, 147 frees, 1,958 bytes allocated
==3029707== 
==3029707== LEAK SUMMARY:
==3029707==    definitely lost: 0 bytes in 0 blocks
==3029707==    indirectly lost: 0 bytes in 0 blocks
==3029707==      possibly lost: 0 bytes in 0 blocks
==3029707==    still reachable: 197 bytes in 18 blocks
==3029707==         suppressed: 0 bytes in 0 blocks
==3029707== Reachable blocks (those to which a pointer was found) are not shown.
==3029707== To see them, rerun with: --leak-check=full --show-leak-kinds=all
==3029707== 
==3029707== For lists of detected and suppressed errors, rerun with: -s
==3029707== ERROR SUMMARY: 0 errors from 0 contexts (suppressed: 0 from 0)
==3029708== 
==3029708== HEAP SUMMARY:
==3029708==     in use at exit: 197 bytes in 18 blocks
==3029708==   total heap usage: 186 allocs, 168 frees, 2,163 bytes allocated
==3029708== 
==3029708== LEAK SUMMARY:
==3029708==    definitely lost: 0 bytes in 0 blocks
==3029708==    indirectly lost: 0 bytes in 0 blocks
==3029708==      possibly lost: 0 bytes in 0 blocks
==3029708==    still reachable: 197 bytes in 18 blocks
==3029708==         suppressed: 0 bytes in 0 blocks
==3029708== Reachable blocks (those to which a pointer was found) are not shown.
==3029708== To see them, rerun with: --leak-check=full --show-leak-kinds=all
==3029708== 
==3029708== For lists of detected and suppressed errors, rerun with: -s
==3029708== ERROR SUMMARY: 0 errors from 0 contexts (suppressed: 0 from 0)
API contract tests: PASS
==3029699== 
==3029699== HEAP SUMMARY:
==3029699==     in use at exit: 0 bytes in 0 blocks
==3029699==   total heap usage: 776 allocs, 776 frees, 110,499 bytes allocated
==3029699== 
==3029699== All heap blocks were freed -- no leaks are possible
==3029699== 
==3029699== For lists of detected and suppressed errors, rerun with: -s
==3029699== ERROR SUMMARY: 0 errors from 0 contexts (suppressed: 0 from 0)
==3029710== Memcheck, a memory error detector
==3029710== Copyright (C) 2002-2017, and GNU GPL'd, by Julian Seward et al.
==3029710== Using Valgrind-3.15.0 and LibVEX; rerun with -h for copyright info
==3029710== Command: bin/wise-combine-test --model fixtures/smoke.model --mode state
==3029710== 
==3029711== 
==3029711== HEAP SUMMARY:
==3029711==     in use at exit: 210 bytes in 16 blocks
==3029711==   total heap usage: 24 allocs, 8 frees, 4,843 bytes allocated
==3029711== 
==3029711== LEAK SUMMARY:
==3029711==    definitely lost: 0 bytes in 0 blocks
==3029711==    indirectly lost: 0 bytes in 0 blocks
==3029711==      possibly lost: 0 bytes in 0 blocks
==3029711==    still reachable: 210 bytes in 16 blocks
==3029711==         suppressed: 0 bytes in 0 blocks
==3029711== Reachable blocks (those to which a pointer was found) are not shown.
==3029711== To see them, rerun with: --leak-check=full --show-leak-kinds=all
==3029711== 
==3029711== For lists of detected and suppressed errors, rerun with: -s
==3029711== ERROR SUMMARY: 0 errors from 0 contexts (suppressed: 0 from 0)
steps=1 covered=1 failures=0 uncovered=0 edges=1/1 uncovered_edges=0 seed=0 process_exit=0 process_signal=0 timed_out=0
==3029710== 
==3029710== HEAP SUMMARY:
==3029710==     in use at exit: 0 bytes in 0 blocks
==3029710==   total heap usage: 20 allocs, 20 frees, 8,882 bytes allocated
==3029710== 
==3029710== All heap blocks were freed -- no leaks are possible
==3029710== 
==3029710== For lists of detected and suppressed errors, rerun with: -s
==3029710== ERROR SUMMARY: 0 errors from 0 contexts (suppressed: 0 from 0)
==3029722== Memcheck, a memory error detector
==3029722== Copyright (C) 2002-2017, and GNU GPL'd, by Julian Seward et al.
==3029722== Using Valgrind-3.15.0 and LibVEX; rerun with -h for copyright info
==3029722== Command: bin/wise-combine-test --model fixtures/relation.model --mode relation --isolate --timeout-ms 100
==3029722== 
call first alpha
call second result
==3029723== 
==3029723== HEAP SUMMARY:
==3029723==     in use at exit: 255 bytes in 15 blocks
==3029723==   total heap usage: 28 allocs, 13 frees, 9,057 bytes allocated
==3029723== 
==3029723== LEAK SUMMARY:
==3029723==    definitely lost: 0 bytes in 0 blocks
==3029723==    indirectly lost: 0 bytes in 0 blocks
==3029723==      possibly lost: 0 bytes in 0 blocks
==3029723==    still reachable: 255 bytes in 15 blocks
==3029723==         suppressed: 0 bytes in 0 blocks
==3029723== Reachable blocks (those to which a pointer was found) are not shown.
==3029723== To see them, rerun with: --leak-check=full --show-leak-kinds=all
==3029723== 
==3029723== For lists of detected and suppressed errors, rerun with: -s
==3029723== ERROR SUMMARY: 0 errors from 0 contexts (suppressed: 0 from 0)
steps=2 covered=2 failures=0 uncovered=0 edges=1/1 uncovered_edges=0 seed=0 process_exit=0 process_signal=0 timed_out=0
==3029722== 
==3029722== HEAP SUMMARY:
==3029722==     in use at exit: 0 bytes in 0 blocks
==3029722==   total heap usage: 19 allocs, 19 frees, 8,991 bytes allocated
==3029722== 
==3029722== All heap blocks were freed -- no leaks are possible
==3029722== 
==3029722== For lists of detected and suppressed errors, rerun with: -s
==3029722== ERROR SUMMARY: 0 errors from 0 contexts (suppressed: 0 from 0)
make[1]: 进入目录“/home/workspace_data/works/myprojects/wise_combine_test.omx”
WCT_QUEUE_CFLAGS='-std=c11 -D_POSIX_C_SOURCE=200809L -Wall -Wextra -Werror -Iinclude' WCT_QUEUE_LDFLAGS='' \
	./tests/test_queue_oracle.sh
Queue oracle regression passed: 84 matrix runs, 12 clean passes, 6/6 matching mutants detected, 3 generation probes
make[1]: 离开目录“/home/workspace_data/works/myprojects/wise_combine_test.omx”
