rm -rf build bin
make CFLAGS='-std=c11 -D_POSIX_C_SOURCE=200809L -Wall -Wextra -Werror -Iinclude' LDFLAGS='' all build/test_api
make[1]: 进入目录“/home/workspace_data/works/myprojects/wise_combine_test.omx”
cc -std=c11 -D_POSIX_C_SOURCE=200809L -Wall -Wextra -Werror -Iinclude -g -c src/wct.c -o build/wct.o
cc -std=c11 -D_POSIX_C_SOURCE=200809L -Wall -Wextra -Werror -Iinclude -g -c tools/wct_cli.c -o build/wct_cli.o
cc -std=c11 -D_POSIX_C_SOURCE=200809L -Wall -Wextra -Werror -Iinclude build/wct.o build/wct_cli.o  -o bin/wise-combine-test
cc -std=c11 -D_POSIX_C_SOURCE=200809L -Wall -Wextra -Werror -Iinclude -g tests/test_api.c build/wct.o -o build/test_api 
make[1]: 离开目录“/home/workspace_data/works/myprojects/wise_combine_test.omx”
==2978638== Memcheck, a memory error detector
==2978638== Copyright (C) 2002-2017, and GNU GPL'd, by Julian Seward et al.
==2978638== Using Valgrind-3.15.0 and LibVEX; rerun with -h for copyright info
==2978638== Command: ./build/test_api
==2978638== 
==2978640== 
==2978640== HEAP SUMMARY:
==2978640==     in use at exit: 197 bytes in 18 blocks
==2978640==   total heap usage: 122 allocs, 104 frees, 1,478 bytes allocated
==2978640== 
==2978640== LEAK SUMMARY:
==2978640==    definitely lost: 0 bytes in 0 blocks
==2978640==    indirectly lost: 0 bytes in 0 blocks
==2978640==      possibly lost: 0 bytes in 0 blocks
==2978640==    still reachable: 197 bytes in 18 blocks
==2978640==         suppressed: 0 bytes in 0 blocks
==2978640== Reachable blocks (those to which a pointer was found) are not shown.
==2978640== To see them, rerun with: --leak-check=full --show-leak-kinds=all
==2978640== 
==2978640== For lists of detected and suppressed errors, rerun with: -s
==2978640== ERROR SUMMARY: 0 errors from 0 contexts (suppressed: 0 from 0)
==2978641== 
==2978641== HEAP SUMMARY:
==2978641==     in use at exit: 197 bytes in 18 blocks
==2978641==   total heap usage: 143 allocs, 125 frees, 1,713 bytes allocated
==2978641== 
==2978641== LEAK SUMMARY:
==2978641==    definitely lost: 0 bytes in 0 blocks
==2978641==    indirectly lost: 0 bytes in 0 blocks
==2978641==      possibly lost: 0 bytes in 0 blocks
==2978641==    still reachable: 197 bytes in 18 blocks
==2978641==         suppressed: 0 bytes in 0 blocks
==2978641== Reachable blocks (those to which a pointer was found) are not shown.
==2978641== To see them, rerun with: --leak-check=full --show-leak-kinds=all
==2978641== 
==2978641== For lists of detected and suppressed errors, rerun with: -s
==2978641== ERROR SUMMARY: 0 errors from 0 contexts (suppressed: 0 from 0)
==2978642== 
==2978642== HEAP SUMMARY:
==2978642==     in use at exit: 197 bytes in 18 blocks
==2978642==   total heap usage: 165 allocs, 147 frees, 1,958 bytes allocated
==2978642== 
==2978642== LEAK SUMMARY:
==2978642==    definitely lost: 0 bytes in 0 blocks
==2978642==    indirectly lost: 0 bytes in 0 blocks
==2978642==      possibly lost: 0 bytes in 0 blocks
==2978642==    still reachable: 197 bytes in 18 blocks
==2978642==         suppressed: 0 bytes in 0 blocks
==2978642== Reachable blocks (those to which a pointer was found) are not shown.
==2978642== To see them, rerun with: --leak-check=full --show-leak-kinds=all
==2978642== 
==2978642== For lists of detected and suppressed errors, rerun with: -s
==2978642== ERROR SUMMARY: 0 errors from 0 contexts (suppressed: 0 from 0)
API contract tests: PASS
==2978638== 
==2978638== HEAP SUMMARY:
==2978638==     in use at exit: 0 bytes in 0 blocks
==2978638==   total heap usage: 756 allocs, 756 frees, 110,275 bytes allocated
==2978638== 
==2978638== All heap blocks were freed -- no leaks are possible
==2978638== 
==2978638== For lists of detected and suppressed errors, rerun with: -s
==2978638== ERROR SUMMARY: 0 errors from 0 contexts (suppressed: 0 from 0)
==2978644== Memcheck, a memory error detector
==2978644== Copyright (C) 2002-2017, and GNU GPL'd, by Julian Seward et al.
==2978644== Using Valgrind-3.15.0 and LibVEX; rerun with -h for copyright info
==2978644== Command: bin/wise-combine-test --model fixtures/smoke.model --mode state
==2978644== 
==2978645== 
==2978645== HEAP SUMMARY:
==2978645==     in use at exit: 210 bytes in 16 blocks
==2978645==   total heap usage: 24 allocs, 8 frees, 4,843 bytes allocated
==2978645== 
==2978645== LEAK SUMMARY:
==2978645==    definitely lost: 0 bytes in 0 blocks
==2978645==    indirectly lost: 0 bytes in 0 blocks
==2978645==      possibly lost: 0 bytes in 0 blocks
==2978645==    still reachable: 210 bytes in 16 blocks
==2978645==         suppressed: 0 bytes in 0 blocks
==2978645== Reachable blocks (those to which a pointer was found) are not shown.
==2978645== To see them, rerun with: --leak-check=full --show-leak-kinds=all
==2978645== 
==2978645== For lists of detected and suppressed errors, rerun with: -s
==2978645== ERROR SUMMARY: 0 errors from 0 contexts (suppressed: 0 from 0)
steps=1 covered=1 failures=0 uncovered=0 edges=1/1 uncovered_edges=0 seed=0 process_exit=0 process_signal=0 timed_out=0
==2978644== 
==2978644== HEAP SUMMARY:
==2978644==     in use at exit: 0 bytes in 0 blocks
==2978644==   total heap usage: 20 allocs, 20 frees, 8,882 bytes allocated
==2978644== 
==2978644== All heap blocks were freed -- no leaks are possible
==2978644== 
==2978644== For lists of detected and suppressed errors, rerun with: -s
==2978644== ERROR SUMMARY: 0 errors from 0 contexts (suppressed: 0 from 0)
==2978646== Memcheck, a memory error detector
==2978646== Copyright (C) 2002-2017, and GNU GPL'd, by Julian Seward et al.
==2978646== Using Valgrind-3.15.0 and LibVEX; rerun with -h for copyright info
==2978646== Command: bin/wise-combine-test --model fixtures/relation.model --mode relation --isolate --timeout-ms 100
==2978646== 
call first alpha
call second result
==2978652== 
==2978652== HEAP SUMMARY:
==2978652==     in use at exit: 255 bytes in 15 blocks
==2978652==   total heap usage: 28 allocs, 13 frees, 9,057 bytes allocated
==2978652== 
==2978652== LEAK SUMMARY:
==2978652==    definitely lost: 0 bytes in 0 blocks
==2978652==    indirectly lost: 0 bytes in 0 blocks
==2978652==      possibly lost: 0 bytes in 0 blocks
==2978652==    still reachable: 255 bytes in 15 blocks
==2978652==         suppressed: 0 bytes in 0 blocks
==2978652== Reachable blocks (those to which a pointer was found) are not shown.
==2978652== To see them, rerun with: --leak-check=full --show-leak-kinds=all
==2978652== 
==2978652== For lists of detected and suppressed errors, rerun with: -s
==2978652== ERROR SUMMARY: 0 errors from 0 contexts (suppressed: 0 from 0)
steps=2 covered=2 failures=0 uncovered=0 edges=1/1 uncovered_edges=0 seed=0 process_exit=0 process_signal=0 timed_out=0
==2978646== 
==2978646== HEAP SUMMARY:
==2978646==     in use at exit: 0 bytes in 0 blocks
==2978646==   total heap usage: 19 allocs, 19 frees, 8,991 bytes allocated
==2978646== 
==2978646== All heap blocks were freed -- no leaks are possible
==2978646== 
==2978646== For lists of detected and suppressed errors, rerun with: -s
==2978646== ERROR SUMMARY: 0 errors from 0 contexts (suppressed: 0 from 0)
make[1]: 进入目录“/home/workspace_data/works/myprojects/wise_combine_test.omx”
WCT_QUEUE_CFLAGS='-std=c11 -D_POSIX_C_SOURCE=200809L -Wall -Wextra -Werror -Iinclude' WCT_QUEUE_LDFLAGS='' \
	./tests/test_queue_oracle.sh
Queue oracle regression passed: 84 matrix runs, 12 clean passes, 6/6 matching mutants detected, 3 generation probes
make[1]: 离开目录“/home/workspace_data/works/myprojects/wise_combine_test.omx”
