rm -rf build bin
make CFLAGS='-std=c11 -D_POSIX_C_SOURCE=200809L -Wall -Wextra -Werror -Iinclude' LDFLAGS='' all build/test_api
make[1]: 进入目录“/home/workspace_data/works/myprojects/wise_combine_test.omx”
cc -std=c11 -D_POSIX_C_SOURCE=200809L -Wall -Wextra -Werror -Iinclude -g -c src/wct.c -o build/wct.o
cc -std=c11 -D_POSIX_C_SOURCE=200809L -Wall -Wextra -Werror -Iinclude -g -c tools/wct_cli.c -o build/wct_cli.o
cc -std=c11 -D_POSIX_C_SOURCE=200809L -Wall -Wextra -Werror -Iinclude build/wct.o build/wct_cli.o  -o bin/wise-combine-test
cc -std=c11 -D_POSIX_C_SOURCE=200809L -Wall -Wextra -Werror -Iinclude -g tests/test_api.c src/wct.c -o build/test_api 
make[1]: 离开目录“/home/workspace_data/works/myprojects/wise_combine_test.omx”
==2712369== Memcheck, a memory error detector
==2712369== Copyright (C) 2002-2017, and GNU GPL'd, by Julian Seward et al.
==2712369== Using Valgrind-3.15.0 and LibVEX; rerun with -h for copyright info
==2712369== Command: ./build/test_api
==2712369== 
==2712372== 
==2712372== HEAP SUMMARY:
==2712372==     in use at exit: 197 bytes in 18 blocks
==2712372==   total heap usage: 122 allocs, 104 frees, 1,478 bytes allocated
==2712372== 
==2712372== LEAK SUMMARY:
==2712372==    definitely lost: 0 bytes in 0 blocks
==2712372==    indirectly lost: 0 bytes in 0 blocks
==2712372==      possibly lost: 0 bytes in 0 blocks
==2712372==    still reachable: 197 bytes in 18 blocks
==2712372==         suppressed: 0 bytes in 0 blocks
==2712372== Reachable blocks (those to which a pointer was found) are not shown.
==2712372== To see them, rerun with: --leak-check=full --show-leak-kinds=all
==2712372== 
==2712372== For lists of detected and suppressed errors, rerun with: -s
==2712372== ERROR SUMMARY: 0 errors from 0 contexts (suppressed: 0 from 0)
==2712379== 
==2712379== HEAP SUMMARY:
==2712379==     in use at exit: 197 bytes in 18 blocks
==2712379==   total heap usage: 143 allocs, 125 frees, 1,713 bytes allocated
==2712379== 
==2712379== LEAK SUMMARY:
==2712379==    definitely lost: 0 bytes in 0 blocks
==2712379==    indirectly lost: 0 bytes in 0 blocks
==2712379==      possibly lost: 0 bytes in 0 blocks
==2712379==    still reachable: 197 bytes in 18 blocks
==2712379==         suppressed: 0 bytes in 0 blocks
==2712379== Reachable blocks (those to which a pointer was found) are not shown.
==2712379== To see them, rerun with: --leak-check=full --show-leak-kinds=all
==2712379== 
==2712379== For lists of detected and suppressed errors, rerun with: -s
==2712379== ERROR SUMMARY: 0 errors from 0 contexts (suppressed: 0 from 0)
==2712380== 
==2712380== HEAP SUMMARY:
==2712380==     in use at exit: 197 bytes in 18 blocks
==2712380==   total heap usage: 165 allocs, 147 frees, 1,958 bytes allocated
==2712380== 
==2712380== LEAK SUMMARY:
==2712380==    definitely lost: 0 bytes in 0 blocks
==2712380==    indirectly lost: 0 bytes in 0 blocks
==2712380==      possibly lost: 0 bytes in 0 blocks
==2712380==    still reachable: 197 bytes in 18 blocks
==2712380==         suppressed: 0 bytes in 0 blocks
==2712380== Reachable blocks (those to which a pointer was found) are not shown.
==2712380== To see them, rerun with: --leak-check=full --show-leak-kinds=all
==2712380== 
==2712380== For lists of detected and suppressed errors, rerun with: -s
==2712380== ERROR SUMMARY: 0 errors from 0 contexts (suppressed: 0 from 0)
API contract tests: PASS
==2712369== 
==2712369== HEAP SUMMARY:
==2712369==     in use at exit: 0 bytes in 0 blocks
==2712369==   total heap usage: 730 allocs, 730 frees, 64,506 bytes allocated
==2712369== 
==2712369== All heap blocks were freed -- no leaks are possible
==2712369== 
==2712369== For lists of detected and suppressed errors, rerun with: -s
==2712369== ERROR SUMMARY: 0 errors from 0 contexts (suppressed: 0 from 0)
==2712382== Memcheck, a memory error detector
==2712382== Copyright (C) 2002-2017, and GNU GPL'd, by Julian Seward et al.
==2712382== Using Valgrind-3.15.0 and LibVEX; rerun with -h for copyright info
==2712382== Command: bin/wise-combine-test --model fixtures/smoke.model --mode state
==2712382== 
==2712407== 
==2712407== HEAP SUMMARY:
==2712407==     in use at exit: 210 bytes in 16 blocks
==2712407==   total heap usage: 24 allocs, 8 frees, 4,843 bytes allocated
==2712407== 
==2712407== LEAK SUMMARY:
==2712407==    definitely lost: 0 bytes in 0 blocks
==2712407==    indirectly lost: 0 bytes in 0 blocks
==2712407==      possibly lost: 0 bytes in 0 blocks
==2712407==    still reachable: 210 bytes in 16 blocks
==2712407==         suppressed: 0 bytes in 0 blocks
==2712407== Reachable blocks (those to which a pointer was found) are not shown.
==2712407== To see them, rerun with: --leak-check=full --show-leak-kinds=all
==2712407== 
==2712407== For lists of detected and suppressed errors, rerun with: -s
==2712407== ERROR SUMMARY: 0 errors from 0 contexts (suppressed: 0 from 0)
steps=1 covered=1 failures=0 uncovered=0 edges=1/1 uncovered_edges=0 seed=0 process_exit=0 process_signal=0 timed_out=0
==2712382== 
==2712382== HEAP SUMMARY:
==2712382==     in use at exit: 0 bytes in 0 blocks
==2712382==   total heap usage: 20 allocs, 20 frees, 8,882 bytes allocated
==2712382== 
==2712382== All heap blocks were freed -- no leaks are possible
==2712382== 
==2712382== For lists of detected and suppressed errors, rerun with: -s
==2712382== ERROR SUMMARY: 0 errors from 0 contexts (suppressed: 0 from 0)
==2712409== Memcheck, a memory error detector
==2712409== Copyright (C) 2002-2017, and GNU GPL'd, by Julian Seward et al.
==2712409== Using Valgrind-3.15.0 and LibVEX; rerun with -h for copyright info
==2712409== Command: bin/wise-combine-test --model fixtures/relation.model --mode relation --isolate --timeout-ms 100
==2712409== 
call first alpha
call second result
==2712424== 
==2712424== HEAP SUMMARY:
==2712424==     in use at exit: 255 bytes in 15 blocks
==2712424==   total heap usage: 28 allocs, 13 frees, 9,057 bytes allocated
==2712424== 
==2712424== LEAK SUMMARY:
==2712424==    definitely lost: 0 bytes in 0 blocks
==2712424==    indirectly lost: 0 bytes in 0 blocks
==2712424==      possibly lost: 0 bytes in 0 blocks
==2712424==    still reachable: 255 bytes in 15 blocks
==2712424==         suppressed: 0 bytes in 0 blocks
==2712424== Reachable blocks (those to which a pointer was found) are not shown.
==2712424== To see them, rerun with: --leak-check=full --show-leak-kinds=all
==2712424== 
==2712424== For lists of detected and suppressed errors, rerun with: -s
==2712424== ERROR SUMMARY: 0 errors from 0 contexts (suppressed: 0 from 0)
steps=2 covered=2 failures=0 uncovered=0 edges=1/1 uncovered_edges=0 seed=0 process_exit=0 process_signal=0 timed_out=0
==2712409== 
==2712409== HEAP SUMMARY:
==2712409==     in use at exit: 0 bytes in 0 blocks
==2712409==   total heap usage: 19 allocs, 19 frees, 8,991 bytes allocated
==2712409== 
==2712409== All heap blocks were freed -- no leaks are possible
==2712409== 
==2712409== For lists of detected and suppressed errors, rerun with: -s
==2712409== ERROR SUMMARY: 0 errors from 0 contexts (suppressed: 0 from 0)
