rm -rf build bin
make CFLAGS='-std=c11 -D_POSIX_C_SOURCE=200809L -Wall -Wextra -Werror -Iinclude' LDFLAGS='' all build/test_api
make[1]: 进入目录“/home/workspace_data/works/myprojects/wise_combine_test.omx”
cc -std=c11 -D_POSIX_C_SOURCE=200809L -Wall -Wextra -Werror -Iinclude -g -c src/wct.c -o build/wct.o
cc -std=c11 -D_POSIX_C_SOURCE=200809L -Wall -Wextra -Werror -Iinclude -g -c tools/wct_cli.c -o build/wct_cli.o
cc -std=c11 -D_POSIX_C_SOURCE=200809L -Wall -Wextra -Werror -Iinclude build/wct.o build/wct_cli.o  -o bin/wise-combine-test
cc -std=c11 -D_POSIX_C_SOURCE=200809L -Wall -Wextra -Werror -Iinclude -g tests/test_api.c src/wct.c -o build/test_api 
make[1]: 离开目录“/home/workspace_data/works/myprojects/wise_combine_test.omx”
==2891120== Memcheck, a memory error detector
==2891120== Copyright (C) 2002-2017, and GNU GPL'd, by Julian Seward et al.
==2891120== Using Valgrind-3.15.0 and LibVEX; rerun with -h for copyright info
==2891120== Command: ./build/test_api
==2891120== 
==2891135== 
==2891135== HEAP SUMMARY:
==2891135==     in use at exit: 197 bytes in 18 blocks
==2891135==   total heap usage: 122 allocs, 104 frees, 1,478 bytes allocated
==2891135== 
==2891135== LEAK SUMMARY:
==2891135==    definitely lost: 0 bytes in 0 blocks
==2891135==    indirectly lost: 0 bytes in 0 blocks
==2891135==      possibly lost: 0 bytes in 0 blocks
==2891135==    still reachable: 197 bytes in 18 blocks
==2891135==         suppressed: 0 bytes in 0 blocks
==2891135== Reachable blocks (those to which a pointer was found) are not shown.
==2891135== To see them, rerun with: --leak-check=full --show-leak-kinds=all
==2891135== 
==2891135== For lists of detected and suppressed errors, rerun with: -s
==2891135== ERROR SUMMARY: 0 errors from 0 contexts (suppressed: 0 from 0)
==2891136== 
==2891136== HEAP SUMMARY:
==2891136==     in use at exit: 197 bytes in 18 blocks
==2891136==   total heap usage: 143 allocs, 125 frees, 1,713 bytes allocated
==2891136== 
==2891136== LEAK SUMMARY:
==2891136==    definitely lost: 0 bytes in 0 blocks
==2891136==    indirectly lost: 0 bytes in 0 blocks
==2891136==      possibly lost: 0 bytes in 0 blocks
==2891136==    still reachable: 197 bytes in 18 blocks
==2891136==         suppressed: 0 bytes in 0 blocks
==2891136== Reachable blocks (those to which a pointer was found) are not shown.
==2891136== To see them, rerun with: --leak-check=full --show-leak-kinds=all
==2891136== 
==2891136== For lists of detected and suppressed errors, rerun with: -s
==2891136== ERROR SUMMARY: 0 errors from 0 contexts (suppressed: 0 from 0)
==2891137== 
==2891137== HEAP SUMMARY:
==2891137==     in use at exit: 197 bytes in 18 blocks
==2891137==   total heap usage: 165 allocs, 147 frees, 1,958 bytes allocated
==2891137== 
==2891137== LEAK SUMMARY:
==2891137==    definitely lost: 0 bytes in 0 blocks
==2891137==    indirectly lost: 0 bytes in 0 blocks
==2891137==      possibly lost: 0 bytes in 0 blocks
==2891137==    still reachable: 197 bytes in 18 blocks
==2891137==         suppressed: 0 bytes in 0 blocks
==2891137== Reachable blocks (those to which a pointer was found) are not shown.
==2891137== To see them, rerun with: --leak-check=full --show-leak-kinds=all
==2891137== 
==2891137== For lists of detected and suppressed errors, rerun with: -s
==2891137== ERROR SUMMARY: 0 errors from 0 contexts (suppressed: 0 from 0)
API contract tests: PASS
==2891120== 
==2891120== HEAP SUMMARY:
==2891120==     in use at exit: 0 bytes in 0 blocks
==2891120==   total heap usage: 730 allocs, 730 frees, 64,506 bytes allocated
==2891120== 
==2891120== All heap blocks were freed -- no leaks are possible
==2891120== 
==2891120== For lists of detected and suppressed errors, rerun with: -s
==2891120== ERROR SUMMARY: 0 errors from 0 contexts (suppressed: 0 from 0)
==2891139== Memcheck, a memory error detector
==2891139== Copyright (C) 2002-2017, and GNU GPL'd, by Julian Seward et al.
==2891139== Using Valgrind-3.15.0 and LibVEX; rerun with -h for copyright info
==2891139== Command: bin/wise-combine-test --model fixtures/smoke.model --mode state
==2891139== 
==2891140== 
==2891140== HEAP SUMMARY:
==2891140==     in use at exit: 210 bytes in 16 blocks
==2891140==   total heap usage: 24 allocs, 8 frees, 4,843 bytes allocated
==2891140== 
==2891140== LEAK SUMMARY:
==2891140==    definitely lost: 0 bytes in 0 blocks
==2891140==    indirectly lost: 0 bytes in 0 blocks
==2891140==      possibly lost: 0 bytes in 0 blocks
==2891140==    still reachable: 210 bytes in 16 blocks
==2891140==         suppressed: 0 bytes in 0 blocks
==2891140== Reachable blocks (those to which a pointer was found) are not shown.
==2891140== To see them, rerun with: --leak-check=full --show-leak-kinds=all
==2891140== 
==2891140== For lists of detected and suppressed errors, rerun with: -s
==2891140== ERROR SUMMARY: 0 errors from 0 contexts (suppressed: 0 from 0)
steps=1 covered=1 failures=0 uncovered=0 edges=1/1 uncovered_edges=0 seed=0 process_exit=0 process_signal=0 timed_out=0
==2891139== 
==2891139== HEAP SUMMARY:
==2891139==     in use at exit: 0 bytes in 0 blocks
==2891139==   total heap usage: 20 allocs, 20 frees, 8,882 bytes allocated
==2891139== 
==2891139== All heap blocks were freed -- no leaks are possible
==2891139== 
==2891139== For lists of detected and suppressed errors, rerun with: -s
==2891139== ERROR SUMMARY: 0 errors from 0 contexts (suppressed: 0 from 0)
==2891141== Memcheck, a memory error detector
==2891141== Copyright (C) 2002-2017, and GNU GPL'd, by Julian Seward et al.
==2891141== Using Valgrind-3.15.0 and LibVEX; rerun with -h for copyright info
==2891141== Command: bin/wise-combine-test --model fixtures/relation.model --mode relation --isolate --timeout-ms 100
==2891141== 
call first alpha
call second result
==2891154== 
==2891154== HEAP SUMMARY:
==2891154==     in use at exit: 255 bytes in 15 blocks
==2891154==   total heap usage: 28 allocs, 13 frees, 9,057 bytes allocated
==2891154== 
==2891154== LEAK SUMMARY:
==2891154==    definitely lost: 0 bytes in 0 blocks
==2891154==    indirectly lost: 0 bytes in 0 blocks
==2891154==      possibly lost: 0 bytes in 0 blocks
==2891154==    still reachable: 255 bytes in 15 blocks
==2891154==         suppressed: 0 bytes in 0 blocks
==2891154== Reachable blocks (those to which a pointer was found) are not shown.
==2891154== To see them, rerun with: --leak-check=full --show-leak-kinds=all
==2891154== 
==2891154== For lists of detected and suppressed errors, rerun with: -s
==2891154== ERROR SUMMARY: 0 errors from 0 contexts (suppressed: 0 from 0)
steps=2 covered=2 failures=0 uncovered=0 edges=1/1 uncovered_edges=0 seed=0 process_exit=0 process_signal=0 timed_out=0
==2891141== 
==2891141== HEAP SUMMARY:
==2891141==     in use at exit: 0 bytes in 0 blocks
==2891141==   total heap usage: 19 allocs, 19 frees, 8,991 bytes allocated
==2891141== 
==2891141== All heap blocks were freed -- no leaks are possible
==2891141== 
==2891141== For lists of detected and suppressed errors, rerun with: -s
==2891141== ERROR SUMMARY: 0 errors from 0 contexts (suppressed: 0 from 0)
