rm -rf build bin
make CFLAGS='-std=c11 -D_POSIX_C_SOURCE=200809L -Wall -Wextra -Werror -Iinclude' LDFLAGS='' all build/test_api
make[1]: 进入目录“/home/workspace_data/works/myprojects/wise_combine_test.omx”
cc -std=c11 -D_POSIX_C_SOURCE=200809L -Wall -Wextra -Werror -Iinclude -g -c src/wct.c -o build/wct.o
cc -std=c11 -D_POSIX_C_SOURCE=200809L -Wall -Wextra -Werror -Iinclude -g -c tools/wct_cli.c -o build/wct_cli.o
cc -std=c11 -D_POSIX_C_SOURCE=200809L -Wall -Wextra -Werror -Iinclude build/wct.o build/wct_cli.o  -o bin/wise-combine-test
cc -std=c11 -D_POSIX_C_SOURCE=200809L -Wall -Wextra -Werror -Iinclude -g tests/test_api.c src/wct.c -o build/test_api 
make[1]: 离开目录“/home/workspace_data/works/myprojects/wise_combine_test.omx”
==2594580== Memcheck, a memory error detector
==2594580== Copyright (C) 2002-2017, and GNU GPL'd, by Julian Seward et al.
==2594580== Using Valgrind-3.15.0 and LibVEX; rerun with -h for copyright info
==2594580== Command: ./build/test_api
==2594580== 
==2594581== 
==2594581== HEAP SUMMARY:
==2594581==     in use at exit: 197 bytes in 18 blocks
==2594581==   total heap usage: 122 allocs, 104 frees, 1,478 bytes allocated
==2594581== 
==2594581== LEAK SUMMARY:
==2594581==    definitely lost: 0 bytes in 0 blocks
==2594581==    indirectly lost: 0 bytes in 0 blocks
==2594581==      possibly lost: 0 bytes in 0 blocks
==2594581==    still reachable: 197 bytes in 18 blocks
==2594581==         suppressed: 0 bytes in 0 blocks
==2594581== Reachable blocks (those to which a pointer was found) are not shown.
==2594581== To see them, rerun with: --leak-check=full --show-leak-kinds=all
==2594581== 
==2594581== For lists of detected and suppressed errors, rerun with: -s
==2594581== ERROR SUMMARY: 0 errors from 0 contexts (suppressed: 0 from 0)
==2594582== 
==2594582== HEAP SUMMARY:
==2594582==     in use at exit: 197 bytes in 18 blocks
==2594582==   total heap usage: 143 allocs, 125 frees, 1,713 bytes allocated
==2594582== 
==2594582== LEAK SUMMARY:
==2594582==    definitely lost: 0 bytes in 0 blocks
==2594582==    indirectly lost: 0 bytes in 0 blocks
==2594582==      possibly lost: 0 bytes in 0 blocks
==2594582==    still reachable: 197 bytes in 18 blocks
==2594582==         suppressed: 0 bytes in 0 blocks
==2594582== Reachable blocks (those to which a pointer was found) are not shown.
==2594582== To see them, rerun with: --leak-check=full --show-leak-kinds=all
==2594582== 
==2594582== For lists of detected and suppressed errors, rerun with: -s
==2594582== ERROR SUMMARY: 0 errors from 0 contexts (suppressed: 0 from 0)
==2594585== 
==2594585== HEAP SUMMARY:
==2594585==     in use at exit: 197 bytes in 18 blocks
==2594585==   total heap usage: 165 allocs, 147 frees, 1,958 bytes allocated
==2594585== 
==2594585== LEAK SUMMARY:
==2594585==    definitely lost: 0 bytes in 0 blocks
==2594585==    indirectly lost: 0 bytes in 0 blocks
==2594585==      possibly lost: 0 bytes in 0 blocks
==2594585==    still reachable: 197 bytes in 18 blocks
==2594585==         suppressed: 0 bytes in 0 blocks
==2594585== Reachable blocks (those to which a pointer was found) are not shown.
==2594585== To see them, rerun with: --leak-check=full --show-leak-kinds=all
==2594585== 
==2594585== For lists of detected and suppressed errors, rerun with: -s
==2594585== ERROR SUMMARY: 0 errors from 0 contexts (suppressed: 0 from 0)
API contract tests: PASS
==2594580== 
==2594580== HEAP SUMMARY:
==2594580==     in use at exit: 0 bytes in 0 blocks
==2594580==   total heap usage: 729 allocs, 729 frees, 64,426 bytes allocated
==2594580== 
==2594580== All heap blocks were freed -- no leaks are possible
==2594580== 
==2594580== For lists of detected and suppressed errors, rerun with: -s
==2594580== ERROR SUMMARY: 0 errors from 0 contexts (suppressed: 0 from 0)
==2594605== Memcheck, a memory error detector
==2594605== Copyright (C) 2002-2017, and GNU GPL'd, by Julian Seward et al.
==2594605== Using Valgrind-3.15.0 and LibVEX; rerun with -h for copyright info
==2594605== Command: bin/wise-combine-test --model fixtures/smoke.model --mode state
==2594605== 
==2594620== 
==2594620== HEAP SUMMARY:
==2594620==     in use at exit: 210 bytes in 16 blocks
==2594620==   total heap usage: 24 allocs, 8 frees, 4,843 bytes allocated
==2594620== 
==2594620== LEAK SUMMARY:
==2594620==    definitely lost: 0 bytes in 0 blocks
==2594620==    indirectly lost: 0 bytes in 0 blocks
==2594620==      possibly lost: 0 bytes in 0 blocks
==2594620==    still reachable: 210 bytes in 16 blocks
==2594620==         suppressed: 0 bytes in 0 blocks
==2594620== Reachable blocks (those to which a pointer was found) are not shown.
==2594620== To see them, rerun with: --leak-check=full --show-leak-kinds=all
==2594620== 
==2594620== For lists of detected and suppressed errors, rerun with: -s
==2594620== ERROR SUMMARY: 0 errors from 0 contexts (suppressed: 0 from 0)
steps=1 covered=1 failures=0 uncovered=0 edges=1/1 uncovered_edges=0 seed=0 process_exit=0 process_signal=0 timed_out=0
==2594605== 
==2594605== HEAP SUMMARY:
==2594605==     in use at exit: 0 bytes in 0 blocks
==2594605==   total heap usage: 20 allocs, 20 frees, 8,882 bytes allocated
==2594605== 
==2594605== All heap blocks were freed -- no leaks are possible
==2594605== 
==2594605== For lists of detected and suppressed errors, rerun with: -s
==2594605== ERROR SUMMARY: 0 errors from 0 contexts (suppressed: 0 from 0)
==2594621== Memcheck, a memory error detector
==2594621== Copyright (C) 2002-2017, and GNU GPL'd, by Julian Seward et al.
==2594621== Using Valgrind-3.15.0 and LibVEX; rerun with -h for copyright info
==2594621== Command: bin/wise-combine-test --model fixtures/relation.model --mode relation --isolate --timeout-ms 100
==2594621== 
call first alpha
call second result
==2594622== 
==2594622== HEAP SUMMARY:
==2594622==     in use at exit: 255 bytes in 15 blocks
==2594622==   total heap usage: 28 allocs, 13 frees, 9,057 bytes allocated
==2594622== 
==2594622== LEAK SUMMARY:
==2594622==    definitely lost: 0 bytes in 0 blocks
==2594622==    indirectly lost: 0 bytes in 0 blocks
==2594622==      possibly lost: 0 bytes in 0 blocks
==2594622==    still reachable: 255 bytes in 15 blocks
==2594622==         suppressed: 0 bytes in 0 blocks
==2594622== Reachable blocks (those to which a pointer was found) are not shown.
==2594622== To see them, rerun with: --leak-check=full --show-leak-kinds=all
==2594622== 
==2594622== For lists of detected and suppressed errors, rerun with: -s
==2594622== ERROR SUMMARY: 0 errors from 0 contexts (suppressed: 0 from 0)
steps=2 covered=2 failures=0 uncovered=0 edges=1/1 uncovered_edges=0 seed=0 process_exit=0 process_signal=0 timed_out=0
==2594621== 
==2594621== HEAP SUMMARY:
==2594621==     in use at exit: 0 bytes in 0 blocks
==2594621==   total heap usage: 19 allocs, 19 frees, 8,991 bytes allocated
==2594621== 
==2594621== All heap blocks were freed -- no leaks are possible
==2594621== 
==2594621== For lists of detected and suppressed errors, rerun with: -s
==2594621== ERROR SUMMARY: 0 errors from 0 contexts (suppressed: 0 from 0)
